coding_challenges\tests\test_remove_duplicates_from_sorted_list.py
coding_challenges\tests\test_convert_sorted_list_to_binary_search_tree.py
coding_challenges\tests\test_remove_duplicates_from_sorted_list_ii.py
coding_challenges\tests\test_remove_duplicates_from_sorted_list.py
coding_challenges\tests\test_same_tree.py
coding_challenges\tests\test_symmetric_tree.py